FAIL core-e2e packages/core/__e2e__/agw/create.spec.ts (39.418 s)
  ● agw create › 1. bare wallet: factory records the owner and index, no rules, no implicit funding

    AgenticError: log scan for WalletDeployed failed for blocks 23923806-23934775

      82 |       out.push(...(await reader.getLogs({ ...args, fromBlock: start, toBlock: end })));
      83 |     } catch (cause) {
    > 84 |       throw new AgenticError(
         |             ^
      85 |         AGENTIC_ERROR_CODE.RULE_READ_FAILED,
      86 |         `log scan for ${args.event.name} failed for blocks ${start}-${end}`,
      87 |         { cause }

      at scanLogs (src/lib/agentic/reads/snapshot.ts:84:13)
      at async labelsFor (src/lib/agentic/reads/wallets.ts:78:16)
      at async walletInfo (src/lib/agentic/reads/wallets.ts:183:18)
      at async Object.<anonymous> (__e2e__/agw/create.spec.ts:49:18)

    Cause:
    InvalidInputRpcError: Missing or invalid parameters.
    Double check you have provided the correct parameters.

    URL: https://evm.donut.rpc.push.org/
    Request body: {"method":"eth_getLogs","params":[{"address":"0xaF88D0FD947afAe7bBb8F34e8417DCfc165e1aaF","topics":["0xc8b37f011e9b6e64684cc9a96d216bbbc580aa1834cdbb981be54e529671b04c",null,null,"0x00000000000000000000000017d7f35da183685229694efd82b5701fd8b240d2"],"fromBlock":"0x16d0c5e","toBlock":"0x16d3737"}]}

    Details: maximum [from, to] blocks distance: 1000
    Version: viem@2.27.2

      at delay.count.count (../../node_modules/viem/utils/buildRequest.ts:173:25)
      at async attemptRetry (../../node_modules/viem/utils/promise/withRetry.ts:44:22)

    Cause:
    InvalidInputRpcError: Missing or invalid parameters.
    Double check you have provided the correct parameters.

    URL: https://evm.donut.rpc.push.org/
    Request body: {"method":"eth_getLogs","params":[{"address":"0xaF88D0FD947afAe7bBb8F34e8417DCfc165e1aaF","topics":["0xc8b37f011e9b6e64684cc9a96d216bbbc580aa1834cdbb981be54e529671b04c",null,null,"0x00000000000000000000000017d7f35da183685229694efd82b5701fd8b240d2"],"fromBlock":"0x16d0c5e","toBlock":"0x16d3737"}]}

    Details: maximum [from, to] blocks distance: 1000
    Version: viem@2.27.2

      at delay.count.count (../../node_modules/viem/utils/buildRequest.ts:173:25)
      at async attemptRetry (../../node_modules/viem/utils/promise/withRetry.ts:44:22)

    Cause:
    RpcRequestError: RPC Request failed.

    URL: https://evm.donut.rpc.push.org/
    Request body: {"method":"eth_getLogs","params":[{"address":"0xaF88D0FD947afAe7bBb8F34e8417DCfc165e1aaF","topics":["0xc8b37f011e9b6e64684cc9a96d216bbbc580aa1834cdbb981be54e529671b04c",null,null,"0x00000000000000000000000017d7f35da183685229694efd82b5701fd8b240d2"],"fromBlock":"0x16d0c5e","toBlock":"0x16d3737"}]}

    Details: maximum [from, to] blocks distance: 1000
    Version: viem@2.27.2

      at request (../../node_modules/viem/clients/transports/http.ts:154:19)
      at async delay.count.count (../../node_modules/viem/utils/buildRequest.ts:150:22)
      at async attemptRetry (../../node_modules/viem/utils/promise/withRetry.ts:44:22)

PASS core-e2e packages/core/__e2e__/agw/native-exec.spec.ts (54.496 s)

Test Suites: 1 failed, 1 passed, 2 total
Tests:       1 failed, 2 skipped, 5 passed, 8 total
Snapshots:   0 total
Time:        93.95 s
Ran all test suites within paths "packages/core/__e2e__/agw/create.spec.ts", "packages/core/__e2e__/agw/native-exec.spec.ts".
Force exiting Jest: Have you considered using `--detectOpenHandles` to detect async operations that kept running after all tests finished?
