
/Users/shoaibmohammed/Desktop/work/PUSH/push-chain-sdk/packages/core/__agw-local__/agw-local-advanced.spec.ts
   73:14  warning  Forbidden non-null assertion  @typescript-eslint/no-non-null-assertion
   85:17  warning  Forbidden non-null assertion  @typescript-eslint/no-non-null-assertion
  295:22  warning  Forbidden non-null assertion  @typescript-eslint/no-non-null-assertion
  311:18  warning  Forbidden non-null assertion  @typescript-eslint/no-non-null-assertion
  337:18  warning  Forbidden non-null assertion  @typescript-eslint/no-non-null-assertion
  426:13  warning  Forbidden non-null assertion  @typescript-eslint/no-non-null-assertion

/Users/shoaibmohammed/Desktop/work/PUSH/push-chain-sdk/packages/core/__agw-local__/agw-local-batch.spec.ts
   44:16  warning  Forbidden non-null assertion  @typescript-eslint/no-non-null-assertion
   90:37  warning  Forbidden non-null assertion  @typescript-eslint/no-non-null-assertion
   91:46  warning  Forbidden non-null assertion  @typescript-eslint/no-non-null-assertion
   98:14  warning  Forbidden non-null assertion  @typescript-eslint/no-non-null-assertion
  106:16  warning  Forbidden non-null assertion  @typescript-eslint/no-non-null-assertion

/Users/shoaibmohammed/Desktop/work/PUSH/push-chain-sdk/packages/core/__agw-local__/agw-local-races.spec.ts
   54:20  warning  Forbidden non-null assertion  @typescript-eslint/no-non-null-assertion
   99:18  warning  Forbidden non-null assertion  @typescript-eslint/no-non-null-assertion
  117:12  warning  Forbidden non-null assertion  @typescript-eslint/no-non-null-assertion
  145:20  warning  Forbidden non-null assertion  @typescript-eslint/no-non-null-assertion

/Users/shoaibmohammed/Desktop/work/PUSH/push-chain-sdk/packages/core/__agw-local__/agw-local.spec.ts
  47:17  warning  Forbidden non-null assertion  @typescript-eslint/no-non-null-assertion
  48:17  warning  Forbidden non-null assertion  @typescript-eslint/no-non-null-assertion

/Users/shoaibmohammed/Desktop/work/PUSH/push-chain-sdk/packages/core/__agw-local__/delayed-index.spec.ts
   81:20  warning  Forbidden non-null assertion  @typescript-eslint/no-non-null-assertion
   95:20  warning  Forbidden non-null assertion  @typescript-eslint/no-non-null-assertion
  112:9   warning  Forbidden non-null assertion  @typescript-eslint/no-non-null-assertion
  194:24  warning  Forbidden non-null assertion  @typescript-eslint/no-non-null-assertion
  246:26  warning  Forbidden non-null assertion  @typescript-eslint/no-non-null-assertion
  254:14  warning  Forbidden non-null assertion  @typescript-eslint/no-non-null-assertion

/Users/shoaibmohammed/Desktop/work/PUSH/push-chain-sdk/packages/core/__agw-local__/harness.ts
  234:16  warning  Forbidden non-null assertion  @typescript-eslint/no-non-null-assertion
  253:16  warning  Forbidden non-null assertion  @typescript-eslint/no-non-null-assertion
  262:17  warning  Forbidden non-null assertion  @typescript-eslint/no-non-null-assertion
  400:18  warning  Forbidden non-null assertion  @typescript-eslint/no-non-null-assertion

/Users/shoaibmohammed/Desktop/work/PUSH/push-chain-sdk/packages/core/__agw-local__/svm-backend.spec.ts
  136:14  warning  Forbidden non-null assertion  @typescript-eslint/no-non-null-assertion
  164:18  warning  Forbidden non-null assertion  @typescript-eslint/no-non-null-assertion
  223:28  warning  Forbidden non-null assertion  @typescript-eslint/no-non-null-assertion

/Users/shoaibmohammed/Desktop/work/PUSH/push-chain-sdk/packages/core/__agw-local__/svm-internals.spec.ts
   86:14  warning  Forbidden non-null assertion  @typescript-eslint/no-non-null-assertion
  119:18  warning  Forbidden non-null assertion  @typescript-eslint/no-non-null-assertion
  189:18  warning  Forbidden non-null assertion  @typescript-eslint/no-non-null-assertion

/Users/shoaibmohammed/Desktop/work/PUSH/push-chain-sdk/packages/core/__agw-local__/v4-multiasset.spec.ts
   12:10  warning  'createWallet' is defined but never used  @typescript-eslint/no-unused-vars
   78:14  warning  Forbidden non-null assertion              @typescript-eslint/no-non-null-assertion
   92:18  warning  Forbidden non-null assertion              @typescript-eslint/no-non-null-assertion
  176:14  warning  Forbidden non-null assertion              @typescript-eslint/no-non-null-assertion
  188:16  warning  Forbidden non-null assertion              @typescript-eslint/no-non-null-assertion
  325:16  warning  Forbidden non-null assertion              @typescript-eslint/no-non-null-assertion
  335:14  warning  Forbidden non-null assertion              @typescript-eslint/no-non-null-assertion
  353:18  warning  Forbidden non-null assertion              @typescript-eslint/no-non-null-assertion

/Users/shoaibmohammed/Desktop/work/PUSH/push-chain-sdk/packages/core/__agw-local__/vectors.spec.ts
   56:7   warning  Forbidden non-null assertion             @typescript-eslint/no-non-null-assertion
   57:7   warning  Forbidden non-null assertion             @typescript-eslint/no-non-null-assertion
   98:7   warning  Forbidden non-null assertion             @typescript-eslint/no-non-null-assertion
  207:25  warning  '_a' is assigned a value but never used  @typescript-eslint/no-unused-vars
  208:25  warning  '_b' is assigned a value but never used  @typescript-eslint/no-unused-vars

/Users/shoaibmohammed/Desktop/work/PUSH/push-chain-sdk/packages/core/src/lib/orchestrator/internals/outbound-sync.ts
  133:40  warning  Forbidden non-null assertion  @typescript-eslint/no-non-null-assertion
  134:9   warning  Forbidden non-null assertion  @typescript-eslint/no-non-null-assertion

/Users/shoaibmohammed/Desktop/work/PUSH/push-chain-sdk/packages/core/src/lib/orchestrator/svm-idl/resolve.ts
  10:6  warning  'AccountItem' is defined but never used  @typescript-eslint/no-unused-vars

✖ 49 problems (0 errors, 49 warnings)
