FAIL core-agw-local packages/core/__agw-local__/svm-internals.spec.ts (25.615 s)
  internal SVM codec/payloads against actual v4 contracts
    ✕ grants SDK-encoded SVM terms and preserves every field/account (2 ms)
    ✕ the internal composed call passes actual S1–S18 and meters its token
    ✕ account substitution and CEA aliasing are rejected by URP
    ✕ relative price floor and recipient/program identity are enforced on-chain
    ✕ trailing bytes, non-execute IDs and u64 overflow are rejected
    ✕ dataless rules accept only empty instruction data (1 ms)
    ✕ fixed account counts reject appended accounts and failed calls do not change spend

  ● internal SVM codec/payloads against actual v4 contracts › grants SDK-encoded SVM terms and preserves every field/account

    anvil did not start at http://127.0.0.1:18552

      149 |     }
      150 |     if (Date.now() - start > timeoutMs)
    > 151 |       throw new Error(`anvil did not start at ${url}`);
          |             ^
      152 |     await new Promise((r) => setTimeout(r, 200));
      153 |   }
      154 | }

      at waitForRpc (__agw-local__/harness.ts:151:13)
      at async deployHarness (__agw-local__/harness.ts:185:3)
      at async startHarness (__agw-local__/harness.ts:173:12)
      at async Object.<anonymous> (__agw-local__/svm-internals.spec.ts:31:9)

  ● internal SVM codec/payloads against actual v4 contracts › the internal composed call passes actual S1–S18 and meters its token

    anvil did not start at http://127.0.0.1:18552

      149 |     }
      150 |     if (Date.now() - start > timeoutMs)
    > 151 |       throw new Error(`anvil did not start at ${url}`);
          |             ^
      152 |     await new Promise((r) => setTimeout(r, 200));
      153 |   }
      154 | }

      at waitForRpc (__agw-local__/harness.ts:151:13)
      at async deployHarness (__agw-local__/harness.ts:185:3)
      at async startHarness (__agw-local__/harness.ts:173:12)
      at async Object.<anonymous> (__agw-local__/svm-internals.spec.ts:31:9)

  ● internal SVM codec/payloads against actual v4 contracts › account substitution and CEA aliasing are rejected by URP

    anvil did not start at http://127.0.0.1:18552

      149 |     }
      150 |     if (Date.now() - start > timeoutMs)
    > 151 |       throw new Error(`anvil did not start at ${url}`);
          |             ^
      152 |     await new Promise((r) => setTimeout(r, 200));
      153 |   }
      154 | }

      at waitForRpc (__agw-local__/harness.ts:151:13)
      at async deployHarness (__agw-local__/harness.ts:185:3)
      at async startHarness (__agw-local__/harness.ts:173:12)
      at async Object.<anonymous> (__agw-local__/svm-internals.spec.ts:31:9)

  ● internal SVM codec/payloads against actual v4 contracts › relative price floor and recipient/program identity are enforced on-chain

    anvil did not start at http://127.0.0.1:18552

      149 |     }
      150 |     if (Date.now() - start > timeoutMs)
    > 151 |       throw new Error(`anvil did not start at ${url}`);
          |             ^
      152 |     await new Promise((r) => setTimeout(r, 200));
      153 |   }
      154 | }

      at waitForRpc (__agw-local__/harness.ts:151:13)
      at async deployHarness (__agw-local__/harness.ts:185:3)
      at async startHarness (__agw-local__/harness.ts:173:12)
      at async Object.<anonymous> (__agw-local__/svm-internals.spec.ts:31:9)

  ● internal SVM codec/payloads against actual v4 contracts › trailing bytes, non-execute IDs and u64 overflow are rejected

    anvil did not start at http://127.0.0.1:18552

      149 |     }
      150 |     if (Date.now() - start > timeoutMs)
    > 151 |       throw new Error(`anvil did not start at ${url}`);
          |             ^
      152 |     await new Promise((r) => setTimeout(r, 200));
      153 |   }
      154 | }

      at waitForRpc (__agw-local__/harness.ts:151:13)
      at async deployHarness (__agw-local__/harness.ts:185:3)
      at async startHarness (__agw-local__/harness.ts:173:12)
      at async Object.<anonymous> (__agw-local__/svm-internals.spec.ts:31:9)

  ● internal SVM codec/payloads against actual v4 contracts › dataless rules accept only empty instruction data

    anvil did not start at http://127.0.0.1:18552

      149 |     }
      150 |     if (Date.now() - start > timeoutMs)
    > 151 |       throw new Error(`anvil did not start at ${url}`);
          |             ^
      152 |     await new Promise((r) => setTimeout(r, 200));
      153 |   }
      154 | }

      at waitForRpc (__agw-local__/harness.ts:151:13)
      at async deployHarness (__agw-local__/harness.ts:185:3)
      at async startHarness (__agw-local__/harness.ts:173:12)
      at async Object.<anonymous> (__agw-local__/svm-internals.spec.ts:31:9)

  ● internal SVM codec/payloads against actual v4 contracts › fixed account counts reject appended accounts and failed calls do not change spend

    anvil did not start at http://127.0.0.1:18552

      149 |     }
      150 |     if (Date.now() - start > timeoutMs)
    > 151 |       throw new Error(`anvil did not start at ${url}`);
          |             ^
      152 |     await new Promise((r) => setTimeout(r, 200));
      153 |   }
      154 | }

      at waitForRpc (__agw-local__/harness.ts:151:13)
      at async deployHarness (__agw-local__/harness.ts:185:3)
      at async startHarness (__agw-local__/harness.ts:173:12)
      at async Object.<anonymous> (__agw-local__/svm-internals.spec.ts:31:9)

Test Suites: 1 failed, 1 total
Tests:       7 failed, 7 total
Snapshots:   0 total
Time:        25.652 s
Ran all test suites within paths "packages/core/__agw-local__/svm-internals.spec.ts".
