✓ smoke-uea-derive-evm             1 test
✓ smoke-read-track-lookup          1 test
✓ smoke-cea-derive-evm             1 test
✓ smoke-roundtrip-evm              1 test
✓ smoke-roundtrip-svm              1 test
✓ smoke-cea-pda-svm                1 test
✓ smoke-gasfee-reads               2 tests
✓ smoke-gas-sizer                  2 tests
✓ smoke-pc20-registry              2 tests
✓ smoke-pc20-resolve               1 test
✓ evm-r1-transfer                  1 test
✓ evm-r1-funds-usdt                1 test
✓ evm-r1-funds-native              1 test
✓ evm-r1-value-funds-data          1 test
✓ evm-r1-bridge-multicall          1 test
✓ evm-r1-fresh-value-native        1 test
✓ evm-r2-funds-erc20               1 test
✓ evm-r2-payload                   1 test
✓ evm-r2-multicall                 1 test
✓ evm-r2-funds-payload             1 test
✓ evm-r2-native-funds              1 test
✓ evm-r2-native-funds-payload      1 test
✓ evm-r3-funds-erc20               1 test
✓ evm-r3-payload                   1 test
✓ evm-r3-multicall                 1 test
✓ evm-r3-funds-payload             1 test
✓ evm-r3-native-funds              1 test
✓ evm-r3-eoa-native-funds          1 test
✓ svm-r1-transfer                  1 test
✓ svm-r1-funds-sol-self            1 test
✓ svm-r1-value-self                1 test
✓ svm-r1-data-contract             1 test
✓ svm-r1-fresh-key-repro           1 test
✓ svm-r2-funds-sol                 1 test
✓ svm-r2-funds-spl                 1 test
✓ svm-r2-payload-cpi               1 test
✓ svm-r2-sol-cpi                   1 test
✓ svm-r3-drain-sol                 1 test
✓ svm-r3-drain-spl                 1 test
✓ pc20-export-deployed-wrapper     1 test
✓ pc20-export-predicts-wrapper     1 test
✓ pc20-inbound-burn-unlock         1 test
✓ pc20-r3-cea-burn                 1 test
✓ pc20-svm-r1-direct-burn          1 test
✓ pc20-svm-r3-cea-ata-burn         1 test
✓ push-send-transaction            1 test
✓ push-value-own-uea               1 test
✓ push-multicall-no-funds          1 test
✓ push-track-r1-sepolia-parity     1 test
✓ push-track-r3-funds-roundtrip    1 test
✓ push-track-source-leg-hashes     2 tests
✓ xc-multi-child-r3                1 test
✓ xc-fresh-wallet-r3               1 test
✓ xc-peth-bridge-back              1 test
✓ xc-cascade-6hop                  1 test
✓ read-evm-balance-eoa             1 test
✓ read-canonical-registry          1 test
✓ read-evm-balance-uea             1 test
✓ read-evm-contract-call           1 test
✓ read-evm-callback-reverts        1 test
✓ read-expiry                      1 test
✓ read-svm-lamports                1 test
✓ read-web2-json                   1 test
✓ read-docs-example                1 test
✓ read-docs-evm-balance            1 test
✓ read-docs-batch                  1 test
✓ read-docs-resume                 2 tests
✓ read-app-batch-eoa               1 test
✓ read-app-batch-uea               1 test
✓ read-app-batch-recovery          1 test
✓ read-api-token                   1 test
✓ read-api-mixed-outcomes          1 test
✓ read-svm-token-auto              1 test
✓ read-svm-idl                     1 test
✓ read-evm-any-mutability          1 test
✓ read-svm-raw                     1 test

76 scenarios, 40 spec files, 81 distinct tests.
Manifest is consistent with the specs.
