✓ agw-create-bare                  1 test
✓ agw-create-rules                 1 test
✓ agw-funding-pc                   1 test
✓ agw-funding-allowance            1 test
✓ agw-native-batch                 1 test
✓ agw-native-batch-rollback        1 test
✓ agw-native-agent                 1 test
✓ agw-native-owner                 1 test
✓ agw-native-over-cap              1 test
✓ agw-native-stranger              1 test
✓ agw-native-revoked               1 test
✓ agw-native-expired               1 test
✓ agw-lifecycle-add                1 test
✓ agw-lifecycle-update             1 test
✓ agw-lifecycle-checkpoints        1 test
✓ agw-lifecycle-revoke-all         1 test
✓ agw-universal-outbound           1 test
✓ agw-v5-multi-asset               1 test
✓ agw-v5-call-only                 1 test
✓ agw-universal-dest-revert        1 test
✓ agw-identity-evm                 1 test
✓ agw-identity-first-use           1 test
✓ agw-identity-solana              1 test
✓ agw-responses-hooks              1 test
✓ agw-responses-replay             1 test
✓ agw-public-svm-1                 1 test
✓ agw-public-svm-2                 1 test
✓ agw-public-svm-3                 1 test
✓ agw-public-svm-4                 1 test
✓ agw-public-svm-5                 1 test
✓ agw-public-svm-6                 1 test
✓ agw-labels-1                     1 test
✓ agw-labels-2                     1 test
✓ agw-labels-3                     1 test
✓ agw-labels-4                     1 test
✓ agw-labels-5                     1 test
✓ agw-extended-prefunding          1 test
✓ agw-extended-ambiguous-rules     1 test
✓ agw-extended-batched-lifecycle   1 test
✓ agw-extended-invalid-revoke      1 test
✓ agw-extended-stale-update        1 test
✓ agw-extended-index-race          1 test
✓ agw-extended-native-policy-1     1 test
✓ agw-extended-native-policy-2     1 test
✓ agw-extended-native-policy-3     1 test
✓ agw-extended-native-policy-4     1 test
✓ agw-extended-native-policy-5     1 test
✓ agw-extended-native-policy-6     1 test
✓ agw-extended-native-policy-7     1 test
✓ agw-extended-native-policy-8     1 test
✓ agw-extended-native-policy-9     1 test
✓ agw-extended-native-policy-10    1 test
✓ agw-extended-native-policy-11    1 test

53 scenarios, 13 spec files, 53 distinct tests.
Manifest is consistent with the specs.
